2026-05-05 17:33:28.479 [info] Reading sessions from keychain...
2026-05-05 17:33:28.479 [info] Getting sessions for all scopes...
2026-05-05 17:33:28.617 [info] Got 0 sessions for ...
2026-05-05 17:33:28.617 [info] Getting sessions for all scopes...
2026-05-05 17:33:28.617 [info] Got 0 sessions for ...
2026-05-05 17:33:28.617 [info] Getting sessions for all scopes...
2026-05-05 17:33:28.617 [info] Got 0 sessions for ...
2026-05-05 17:33:28.727 [info] Getting sessions for all scopes...
2026-05-05 17:33:28.727 [info] Got 0 sessions for ...
2026-05-05 17:33:30.833 [info] Getting sessions for all scopes...
2026-05-05 17:33:30.833 [info] Got 0 sessions for ...
2026-05-05 17:33:41.258 [info] Logging in with 'any' account...
2026-05-05 17:33:41.258 [info] Logging in for the following scopes: read:user repo user:email workflow
2026-05-05 17:33:41.467 [info] Trying with local server... (read:user repo user:email workflow)
2026-05-05 17:33:44.575 [error] User Cancelled
2026-05-05 17:33:45.645 [info] Trying without local server... (read:user repo user:email workflow)
2026-05-05 17:33:47.442 [error] User Cancelled
2026-05-05 17:33:48.814 [info] Trying device code flow... (read:user repo user:email workflow)
2026-05-05 17:34:05.062 [info] Getting user info...
2026-05-05 17:34:05.367 [info] Got account info!
2026-05-05 17:34:05.367 [info] Storing 1 sessions...
2026-05-05 17:34:05.369 [info] Reading sessions from keychain...
2026-05-05 17:34:05.369 [info] Stored 1 sessions!
2026-05-05 17:34:05.369 [info] Login success!
2026-05-05 17:34:05.369 [info] Got stored sessions!
2026-05-05 17:34:05.369 [info] Got 1 verified sessions.
2026-05-05 17:34:05.474 [info] Getting sessions for all scopes...
2026-05-05 17:34:05.474 [info] Got 1 sessions for ...
2026-05-05 17:34:05.477 [info] Getting sessions for all scopes...
2026-05-05 17:34:05.477 [info] Got 1 sessions for ...
2026-05-05 17:34:05.751 [info] FetcherService: Node fetch failed with status: 429 Too Many Requests
2026-05-05 17:34:05.751 [info] Unable to resolve optional EDU details. Status: 429 Too Many Requests
2026-05-05 17:34:09.807 [info] Getting sessions for all scopes...
2026-05-05 17:34:09.807 [info] Got 1 sessions for ...
2026-05-05 17:34:09.807 [info] Getting sessions for all scopes...
2026-05-05 17:34:09.807 [info] Got 1 sessions for ...
2026-05-05 17:34:09.929 [info] Getting sessions for read:user,repo,user:email,workflow...
2026-05-05 17:34:09.929 [info] Got 1 sessions for read:user,repo,user:email,workflow...
2026-05-05 17:34:09.944 [info] Getting sessions for all scopes...
2026-05-05 17:34:09.944 [info] Got 1 sessions for ...
2026-05-05 17:34:09.946 [info] Getting sessions for read:user,repo,user:email,workflow...
2026-05-05 17:34:09.946 [info] Got 1 sessions for read:user,repo,user:email,workflow...
2026-05-05 17:34:10.086 [info] Getting sessions for all scopes...
2026-05-05 17:34:10.086 [info] Got 1 sessions for ...
2026-05-05 17:34:10.381 [info] Getting sessions for all scopes...
2026-05-05 17:34:10.381 [info] Got 1 sessions for ...
2026-05-05 17:34:10.920 [info] Getting sessions for read:user,repo,user:email,workflow...
2026-05-05 17:34:10.920 [info] Got 1 sessions for read:user,repo,user:email,workflow...
2026-05-05 17:34:11.079 [info] Getting sessions for all scopes...
2026-05-05 17:34:11.079 [info] Got 1 sessions for ...
2026-05-05 17:34:11.079 [info] Getting sessions for all scopes...
2026-05-05 17:34:11.079 [info] Got 1 sessions for ...
2026-05-05 17:34:11.087 [info] Getting sessions for read:user,repo,user:email,workflow...
2026-05-05 17:34:11.087 [info] Got 1 sessions for read:user,repo,user:email,workflow...
2026-05-05 17:34:11.153 [info] Getting sessions for all scopes...
2026-05-05 17:34:11.153 [info] Got 1 sessions for ...
2026-05-05 17:34:11.154 [info] Getting sessions for all scopes...
2026-05-05 17:34:11.154 [info] Got 1 sessions for ...
2026-05-05 17:34:11.411 [info] Getting sessions for all scopes...
2026-05-05 17:34:11.411 [info] Got 1 sessions for ...
2026-05-05 17:34:11.413 [info] Getting sessions for read:user,repo,user:email,workflow...
2026-05-05 17:34:11.413 [info] Got 1 sessions for read:user,repo,user:email,workflow...
2026-05-05 17:34:11.572 [info] Getting sessions for all scopes...
2026-05-05 17:34:11.572 [info] Got 1 sessions for ...
2026-05-05 17:34:11.573 [info] Getting sessions for read:user,repo,user:email,workflow...
2026-05-05 17:34:11.573 [info] Got 1 sessions for read:user,repo,user:email,workflow...
2026-05-05 17:34:11.656 [info] Getting sessions for all scopes...
2026-05-05 17:34:11.656 [info] Got 1 sessions for ...
2026-05-05 17:34:11.657 [info] Getting sessions for read:user,repo,user:email,workflow...
2026-05-05 17:34:11.657 [info] Got 1 sessions for read:user,repo,user:email,workflow...
2026-05-05 17:34:11.678 [info] Getting sessions for all scopes...
2026-05-05 17:34:11.678 [info] Got 1 sessions for ...
2026-05-05 17:34:11.681 [info] Getting sessions for read:user,repo,user:email,workflow...
2026-05-05 17:34:11.681 [info] Got 1 sessions for read:user,repo,user:email,workflow...
2026-05-05 17:34:12.035 [info] Getting sessions for all scopes...
2026-05-05 17:34:12.035 [info] Got 1 sessions for ...
2026-05-05 17:34:12.116 [info] Getting sessions for read:user,repo,user:email,workflow...
2026-05-05 17:34:12.116 [info] Got 1 sessions for read:user,repo,user:email,workflow...
2026-05-05 17:34:26.936 [info] Getting sessions for all scopes...
2026-05-05 17:34:26.936 [info] Got 1 sessions for ...
2026-05-05 17:34:26.936 [info] Getting sessions for all scopes...
2026-05-05 17:34:26.936 [info] Got 1 sessions for ...
2026-05-05 17:34:41.135 [info] Getting sessions for all scopes...
2026-05-05 17:34:41.139 [info] Got 1 sessions for ...
2026-05-05 17:34:41.144 [info] Getting sessions for all scopes...
2026-05-05 17:34:41.144 [info] Got 1 sessions for ...
2026-05-05 17:35:28.844 [info] Getting sessions for all scopes...
2026-05-05 17:35:28.854 [info] Got 1 sessions for ...
2026-05-05 17:35:28.854 [info] Getting sessions for all scopes...
2026-05-05 17:35:28.854 [info] Got 1 sessions for ...
2026-05-05 17:39:57.264 [info] Getting sessions for all scopes...
2026-05-05 17:39:57.264 [info] Got 1 sessions for ...
2026-05-05 17:39:57.265 [info] Getting sessions for all scopes...
2026-05-05 17:39:57.265 [info] Got 1 sessions for ...
2026-05-05 17:40:46.261 [info] Getting sessions for all scopes...
2026-05-05 17:40:46.302 [info] Got 1 sessions for ...
2026-05-05 17:40:46.307 [info] Getting sessions for all scopes...
2026-05-05 17:40:46.307 [info] Got 1 sessions for ...
2026-05-05 17:41:01.861 [info] Getting sessions for all scopes...
2026-05-05 17:41:01.861 [info] Got 1 sessions for ...
2026-05-05 17:41:01.862 [info] Getting sessions for all scopes...
2026-05-05 17:41:01.862 [info] Got 1 sessions for ...
2026-05-05 17:41:09.348 [info] Getting sessions for all scopes...
2026-05-05 17:41:09.348 [info] Got 1 sessions for ...
2026-05-05 17:41:09.348 [info] Getting sessions for all scopes...
2026-05-05 17:41:09.348 [info] Got 1 sessions for ...
2026-05-05 17:41:12.531 [info] Getting sessions for all scopes...
2026-05-05 17:41:12.531 [info] Got 1 sessions for ...
2026-05-05 17:41:12.532 [info] Getting sessions for all scopes...
2026-05-05 17:41:12.532 [info] Got 1 sessions for ...
2026-05-05 17:41:21.164 [info] Getting sessions for all scopes...
2026-05-05 17:41:21.164 [info] Got 1 sessions for ...
2026-05-05 17:41:21.167 [info] Getting sessions for all scopes...
2026-05-05 17:41:21.167 [info] Got 1 sessions for ...
